Warning: You are sending unauthenticated requests to the HF Hub. Please set a HF_TOKEN to enable higher rate limits and faster downloads.
[transformers] Model config: pad_token_id must be `None` or an integer within the vocabulary (between 0 and 2047), got 2048. This may result in unexpected behavior.
[transformers] Model config: bos_token_id must be `None` or an integer within the vocabulary (between 0 and 2047), got 2048. This may result in unexpected behavior.
/private/tmp/hf-venv/lib/python3.14/site-packages/huggingface_hub/file_download.py:746: UserWarning: Not enough free disk space to download the file. The expected file size is: 2364.43 MB. The target location /Users/jaibajrang/.cache/huggingface/hub/models--facebook--musicgen-small/blobs only has 804.73 MB free disk space.
  warnings.warn(
Traceback (most recent call last):
  File "/private/tmp/hf-venv/lib/python3.14/site-packages/transformers/modeling_utils.py", line 695, in _get_resolved_checkpoint_files
    resolved_archive_file = cached_file(pretrained_model_name_or_path, filename, **cached_file_kwargs)
  File "/private/tmp/hf-venv/lib/python3.14/site-packages/transformers/utils/hub.py", line 293, in cached_file
    file = cached_files(path_or_repo_id=path_or_repo_id, filenames=[filename], **kwargs)
  File "/private/tmp/hf-venv/lib/python3.14/site-packages/transformers/utils/hub.py", line 527, in cached_files
    raise e
  File "/private/tmp/hf-venv/lib/python3.14/site-packages/transformers/utils/hub.py", line 437, in cached_files
    hf_hub_download(
    ~~~~~~~~~~~~~~~^
        path_or_repo_id,
        ^^^^^^^^^^^^^^^^
    ...<10 lines>...
        tqdm_class=tqdm_class,
        ^^^^^^^^^^^^^^^^^^^^^^
    )
    ^
  File "/private/tmp/hf-venv/lib/python3.14/site-packages/huggingface_hub/utils/_validators.py", line 88, in _inner_fn
    return fn(*args, **kwargs)
  File "/private/tmp/hf-venv/lib/python3.14/site-packages/huggingface_hub/file_download.py", line 1019, in hf_hub_download
    return _hf_hub_download_to_cache_dir(
        # Destination
    ...<15 lines>...
        dry_run=dry_run,
    )
  File "/private/tmp/hf-venv/lib/python3.14/site-packages/huggingface_hub/file_download.py", line 1242, in _hf_hub_download_to_cache_dir
    _download_to_tmp_and_move(
    ~~~~~~~~~~~~~~~~~~~~~~~~~^
        incomplete_path=Path(blob_path + ".incomplete"),
        ^^^^^^^^^^^^^^^^^^^^^^^^^^^^^^^^^^^^^^^^^^^^^^^^
    ...<8 lines>...
        tqdm_class=tqdm_class,
        ^^^^^^^^^^^^^^^^^^^^^^
    )
    ^
  File "/private/tmp/hf-venv/lib/python3.14/site-packages/huggingface_hub/file_download.py", line 1932, in _download_to_tmp_and_move
    xet_get(
    ~~~~~~~^
        incomplete_path=tmp_path,
        ^^^^^^^^^^^^^^^^^^^^^^^^^
    ...<4 lines>...
        tqdm_class=tqdm_class,
        ^^^^^^^^^^^^^^^^^^^^^^
    )
    ^
  File "/private/tmp/hf-venv/lib/python3.14/site-packages/huggingface_hub/file_download.py", line 565, in xet_get
    with session.new_file_download_group(
         ~~~~~~~~~~~~~~~~~~~~~~~~~~~~~~~^
        token_refresh_url=xet_file_data.refresh_route,
        ^^^^^^^^^^^^^^^^^^^^^^^^^^^^^^^^^^^^^^^^^^^^^^
    ...<2 lines>...
        progress_callback=progress.update_progress,
        ^^^^^^^^^^^^^^^^^^^^^^^^^^^^^^^^^^^^^^^^^^^
    ) as group:
    ^
RuntimeError: Task error: File reconstruction error: IO Error: No space left on device (os error 28)

The above exception was the direct cause of the following exception:

Traceback (most recent call last):
  File "<string>", line 39, in <module>
    model = MusicgenForConditionalGeneration.from_pretrained("facebook/musicgen-small")
  File "/private/tmp/hf-venv/lib/python3.14/site-packages/transformers/modeling_utils.py", line 4355, in from_pretrained
    checkpoint_files, sharded_metadata = _get_resolved_checkpoint_files(
                                         ~~~~~~~~~~~~~~~~~~~~~~~~~~~~~~^
        pretrained_model_name_or_path=pretrained_model_name_or_path,
        ^^^^^^^^^^^^^^^^^^^^^^^^^^^^^^^^^^^^^^^^^^^^^^^^^^^^^^^^^^^^
    ...<7 lines>...
        tqdm_class=tqdm_class,
        ^^^^^^^^^^^^^^^^^^^^^^
    )
    ^
  File "/private/tmp/hf-venv/lib/python3.14/site-packages/transformers/modeling_utils.py", line 775, in _get_resolved_checkpoint_files
    raise OSError(
    ...<4 lines>...
    ) from e
OSError: Can't load the model for 'facebook/musicgen-small'. If you were trying to load it from 'https://huggingface.co/models', make sure you don't have a local directory with the same name. Otherwise, make sure 'facebook/musicgen-small' is the correct path to a directory containing a file named pytorch_model.bin.
